{"level":"info","message":"Incoming request: POST /api/v1/auth/register","service":"default-service-name","timestamp":"2026-09-02 10:35:20"}
{"level":"info","message":"Incoming request: POST /api/v1/auth/register","service":"default-service-name","timestamp":"2026-09-02 10:35:27"}
{"level":"info","message":"Incoming request: POST /api/v1/auth/register","service":"default-service-name","timestamp":"2026-09-02 10:35:39"}
{"level":"info","message":"Incoming request: POST /api/v1/auth/register","service":"default-service-name","timestamp":"2026-09-02 10:36:10"}
{"level":"info","message":"Incoming request: GET /api/v1/auth/me","service":"default-service-name","timestamp":"2026-09-02 10:37:38"}
{"level":"info","message":"Incoming request: POST /api/v1/auth/logout","service":"default-service-name","timestamp":"2026-09-02 10:39:09"}
{"level":"info","message":"Incoming request: POST /api/v1/auth/register","service":"default-service-name","timestamp":"2026-09-02 10:39:22"}
{"level":"info","message":"Incoming request: POST /api/v1/auth/register","service":"default-service-name","timestamp":"2026-09-02 10:39:31"}
{"level":"info","message":"Incoming request: POST /api/v1/auth/login","service":"default-service-name","timestamp":"2026-09-02 10:39:45"}
{"level":"info","message":"Incoming request: POST /api/v1/wallet/recharge","service":"default-service-name","timestamp":"2026-09-02 11:15:54"}
{"level":"info","message":"Incoming request: POST /api/v1/wallet/korapay/initialize","service":"default-service-name","timestamp":"2026-09-02 11:50:44"}
{"level":"info","message":"Incoming request: POST /api/v1/wallet/korapay/initialize","service":"default-service-name","timestamp":"2026-09-02 11:51:29"}
{"level":"info","message":"Incoming request: POST /api/v1/wallet/korapay/initialize","service":"default-service-name","timestamp":"2026-09-02 11:56:14"}
{"level":"info","message":"Incoming request: GET /api/v1/categories","service":"default-service-name","timestamp":"2026-09-02 12:56:46"}
{"level":"info","message":"Incoming request: GET /api/v1/products","service":"default-service-name","timestamp":"2026-09-02 12:56:46"}
{"level":"info","message":"Incoming request: GET /api/v1/auth/me","service":"default-service-name","timestamp":"2026-09-02 12:56:46"}
{"level":"info","message":"Incoming request: GET /api/v1/categories","service":"default-service-name","timestamp":"2026-09-02 12:56:47"}
{"level":"info","message":"Incoming request: GET /api/v1/auth/me","service":"default-service-name","timestamp":"2026-09-02 12:56:49"}
{"level":"info","message":"Incoming request: GET /api/v1/products","service":"default-service-name","timestamp":"2026-09-02 12:56:49"}
{"level":"info","message":"Incoming request: GET /api/v1/favorites/ids","service":"default-service-name","timestamp":"2026-09-02 12:56:49"}
{"level":"info","message":"Incoming request: GET /api/v1/favorites/ids","service":"default-service-name","timestamp":"2026-09-02 12:56:50"}
{"level":"info","message":"Incoming request: GET /api/v1/auth/me","service":"default-service-name","timestamp":"2026-09-02 12:57:07"}
{"level":"info","message":"Incoming request: GET /api/v1/auth/me","service":"default-service-name","timestamp":"2026-09-02 12:57:09"}
{"level":"info","message":"Incoming request: GET /api/v1/orders","service":"default-service-name","timestamp":"2026-09-02 12:57:11"}
{"level":"info","message":"Incoming request: GET /api/v1/orders","service":"default-service-name","timestamp":"2026-09-02 12:57:12"}
{"level":"info","message":"Incoming request: GET /api/v1/logs","service":"default-service-name","timestamp":"2026-09-02 12:57:15"}
{"level":"info","message":"Incoming request: GET /api/v1/logs","service":"default-service-name","timestamp":"2026-09-02 12:57:15"}
{"level":"info","message":"Incoming request: GET /api/v1/logs","service":"default-service-name","timestamp":"2026-09-02 12:57:19"}
{"level":"info","message":"Incoming request: GET /api/v1/logs","service":"default-service-name","timestamp":"2026-09-02 12:57:20"}
{"level":"info","message":"Incoming request: GET /api/v1/orders","service":"default-service-name","timestamp":"2026-09-02 12:57:52"}
{"level":"info","message":"Incoming request: GET /api/v1/orders","service":"default-service-name","timestamp":"2026-09-02 12:57:53"}
{"level":"info","message":"Incoming request: GET /api/v1/categories","service":"default-service-name","timestamp":"2026-09-02 12:58:17"}
{"level":"info","message":"Incoming request: GET /api/v1/products","service":"default-service-name","timestamp":"2026-09-02 12:58:17"}
{"level":"info","message":"Incoming request: GET /api/v1/products","service":"default-service-name","timestamp":"2026-09-02 12:58:18"}
{"level":"info","message":"Incoming request: GET /api/v1/categories","service":"default-service-name","timestamp":"2026-09-02 12:58:18"}
{"level":"info","message":"Incoming request: GET /api/v1/favorites/ids","service":"default-service-name","timestamp":"2026-09-02 12:58:18"}
{"level":"info","message":"Incoming request: GET /api/v1/favorites/ids","service":"default-service-name","timestamp":"2026-09-02 12:58:19"}
{"level":"info","message":"Incoming request: GET /api/v1/categories","service":"default-service-name","timestamp":"2026-09-02 15:25:07"}
{"level":"info","message":"Incoming request: GET /api/v1/products","service":"default-service-name","timestamp":"2026-09-02 15:25:07"}
{"level":"info","message":"Incoming request: GET /api/v1/auth/me","service":"default-service-name","timestamp":"2026-09-02 15:25:07"}
{"level":"info","message":"Incoming request: GET /api/v1/categories","service":"default-service-name","timestamp":"2026-09-02 15:25:10"}
{"level":"info","message":"Incoming request: GET /api/v1/products","service":"default-service-name","timestamp":"2026-09-02 15:25:11"}
{"level":"info","message":"Incoming request: GET /api/v1/favorites/ids","service":"default-service-name","timestamp":"2026-09-02 15:25:11"}
{"level":"info","message":"Incoming request: GET /api/v1/auth/me","service":"default-service-name","timestamp":"2026-09-02 15:25:11"}
{"level":"info","message":"Incoming request: GET /api/v1/categories","service":"default-service-name","timestamp":"2026-09-02 15:25:12"}
{"level":"info","message":"Incoming request: GET /api/v1/products","service":"default-service-name","timestamp":"2026-09-02 15:25:12"}
{"level":"info","message":"Incoming request: GET /api/v1/auth/me","service":"default-service-name","timestamp":"2026-09-02 15:25:12"}
{"level":"info","message":"Incoming request: GET /api/v1/categories","service":"default-service-name","timestamp":"2026-09-02 15:25:12"}
{"level":"info","message":"Incoming request: GET /api/v1/auth/me","service":"default-service-name","timestamp":"2026-09-02 15:25:13"}
{"level":"info","message":"Incoming request: GET /api/v1/products","service":"default-service-name","timestamp":"2026-09-02 15:25:13"}
{"level":"info","message":"Incoming request: GET /api/v1/favorites/ids","service":"default-service-name","timestamp":"2026-09-02 15:25:13"}
{"level":"info","message":"Incoming request: GET /api/v1/favorites/ids","service":"default-service-name","timestamp":"2026-09-02 15:25:14"}
{"level":"info","message":"Incoming request: POST /api/v1/auth/logout","service":"default-service-name","timestamp":"2026-09-02 15:41:23"}
{"level":"info","message":"Incoming request: POST /api/v1/auth/login","service":"default-service-name","timestamp":"2026-09-02 15:41:31"}
{"level":"info","message":"Incoming request: GET /api/v1/categories","service":"default-service-name","timestamp":"2026-09-02 15:41:35"}
{"level":"info","message":"Incoming request: GET /api/v1/products","service":"default-service-name","timestamp":"2026-09-02 15:41:35"}
{"level":"info","message":"Incoming request: GET /api/v1/categories","service":"default-service-name","timestamp":"2026-09-02 15:41:35"}
{"level":"info","message":"Incoming request: GET /api/v1/products","service":"default-service-name","timestamp":"2026-09-02 15:41:38"}
{"level":"info","message":"Incoming request: GET /api/v1/favorites/ids","service":"default-service-name","timestamp":"2026-09-02 15:41:38"}
{"level":"info","message":"Incoming request: GET /api/v1/favorites/ids","service":"default-service-name","timestamp":"2026-09-02 15:41:39"}
{"level":"info","message":"Incoming request: GET /api/v1/blogs?","service":"default-service-name","timestamp":"2026-09-02 15:41:55"}
{"level":"info","message":"Incoming request: GET /api/v1/blogs/how-to-safely-login-to-2fa-facebook-accounts-without-checkpoint","service":"default-service-name","timestamp":"2026-09-02 15:42:06"}
{"level":"info","message":"Incoming request: GET /api/v1/blogs/how-to-safely-login-to-2fa-facebook-accounts-without-checkpoint","service":"default-service-name","timestamp":"2026-09-02 15:42:07"}
{"level":"info","message":"Incoming request: GET /api/v1/blogs?","service":"default-service-name","timestamp":"2026-09-02 15:42:18"}
{"level":"info","message":"Incoming request: GET /api/v1/categories","service":"default-service-name","timestamp":"2026-09-02 15:42:21"}
{"level":"info","message":"Incoming request: GET /api/v1/products","service":"default-service-name","timestamp":"2026-09-02 15:42:21"}
{"level":"info","message":"Incoming request: GET /api/v1/categories","service":"default-service-name","timestamp":"2026-09-02 15:42:21"}
{"level":"info","message":"Incoming request: GET /api/v1/products","service":"default-service-name","timestamp":"2026-09-02 15:42:22"}
{"level":"info","message":"Incoming request: GET /api/v1/favorites/ids","service":"default-service-name","timestamp":"2026-09-02 15:42:22"}
{"level":"info","message":"Incoming request: GET /api/v1/favorites/ids","service":"default-service-name","timestamp":"2026-09-02 15:42:22"}
{"level":"info","message":"Incoming request: GET /api/v1/auth/me","service":"default-service-name","timestamp":"2026-09-02 15:42:38"}
{"level":"info","message":"Incoming request: GET /api/v1/auth/me","service":"default-service-name","timestamp":"2026-09-02 15:42:39"}
{"level":"info","message":"Incoming request: GET /api/v1/admin/overview","service":"default-service-name","timestamp":"2026-09-02 15:42:39"}
{"level":"info","message":"Incoming request: GET /api/v1/admin/overview","service":"default-service-name","timestamp":"2026-09-02 15:48:47"}
{"level":"info","message":"Incoming request: GET /api/v1/admin/overview","service":"default-service-name","timestamp":"2026-09-02 15:48:54"}
{"level":"info","message":"Incoming request: GET /api/v1/categories","service":"default-service-name","timestamp":"2026-09-02 15:49:25"}
{"level":"info","message":"Incoming request: GET /api/v1/products","service":"default-service-name","timestamp":"2026-09-02 15:49:25"}
{"level":"info","message":"Incoming request: GET /api/v1/categories","service":"default-service-name","timestamp":"2026-09-02 15:49:25"}
{"level":"info","message":"Incoming request: GET /api/v1/products","service":"default-service-name","timestamp":"2026-09-02 15:49:26"}
{"level":"info","message":"Incoming request: GET /api/v1/favorites/ids","service":"default-service-name","timestamp":"2026-09-02 15:49:26"}
{"level":"info","message":"Incoming request: GET /api/v1/favorites/ids","service":"default-service-name","timestamp":"2026-09-02 15:49:27"}
